Copyright 1986-2022 Xilinx, Inc. All Rights Reserved. Copyright 2022-2025 Advanced Micro Devices, Inc. All Rights Reserved.
------------------------------------------------------------------------------------------------------------------------------------------------------------------------------------------------------------------------------------------
| Tool Version : Vivado v.2025.2 (win64) Build 6299465 Fri Nov 14 19:35:11 GMT 2025
| Date         : Thu Sep  3 03:02:52 2026
| Host         : mini running 64-bit major release  (build 9200)
| Command      : report_timing_summary -max_paths 10 -routable_nets -report_unconstrained -file decoder3_8_timing_summary_routed.rpt -pb decoder3_8_timing_summary_routed.pb -rpx decoder3_8_timing_summary_routed.rpx -warn_on_violation
| Design       : decoder3_8
| Device       : 7z020-clg484
| Speed File   : -1  PRODUCTION 1.12 2019-11-22
| Design State : Routed
------------------------------------------------------------------------------------------------------------------------------------------------------------------------------------------------------------------------------------------

Timing Summary Report

------------------------------------------------------------------------------------------------
| Timer Settings
| --------------
------------------------------------------------------------------------------------------------

  Enable Multi Corner Analysis               :  Yes
  Enable Pessimism Removal                   :  Yes
  Pessimism Removal Resolution               :  Nearest Common Node
  Enable Input Delay Default Clock           :  No
  Enable Preset / Clear Arcs                 :  No
  Disable Flight Delays                      :  No
  Ignore I/O Paths                           :  No
  Timing Early Launch at Borrowing Latches   :  No
  Borrow Time for Max Delay Exceptions       :  Yes
  Merge Timing Exceptions                    :  Yes
  Inter-SLR Compensation                     :  Conservative

  Corner  Analyze    Analyze    
  Name    Max Paths  Min Paths  
  ------  ---------  ---------  
  Slow    Yes        Yes        
  Fast    Yes        Yes        


------------------------------------------------------------------------------------------------
| Report Methodology
| ------------------
------------------------------------------------------------------------------------------------

No report available as report_methodology has not been run prior. Run report_methodology on the current design for the summary of methodology violations.



check_timing report

Table of Contents
-----------------
1. checking no_clock (0)
2. checking constant_clock (0)
3. checking pulse_width_clock (0)
4. checking unconstrained_internal_endpoints (0)
5. checking no_input_delay (0)
6. checking no_output_delay (0)
7. checking multiple_clock (0)
8. checking generated_clocks (0)
9. checking loops (0)
10. checking partial_input_delay (0)
11. checking partial_output_delay (0)
12. checking latch_loops (0)

1. checking no_clock (0)
------------------------
 There are 0 register/latch pins with no clock.


2. checking constant_clock (0)
------------------------------
 There are 0 register/latch pins with constant_clock.


3. checking pulse_width_clock (0)
---------------------------------
 There are 0 register/latch pins which need pulse_width check


4. checking unconstrained_internal_endpoints (0)
------------------------------------------------
 There are 0 pins that are not constrained for maximum delay.

 There are 0 pins that are not constrained for maximum delay due to constant clock.


5. checking no_input_delay (0)
------------------------------
 There are 0 input ports with no input delay specified.

 There are 0 input ports with no input delay but user has a false path constraint.


6. checking no_output_delay (0)
-------------------------------
 There are 0 ports with no output delay specified.

 There are 0 ports with no output delay but user has a false path constraint

 There are 0 ports with no output delay but with a timing clock defined on it or propagating through it


7. checking multiple_clock (0)
------------------------------
 There are 0 register/latch pins with multiple clocks.


8. checking generated_clocks (0)
--------------------------------
 There are 0 generated clocks that are not connected to a clock source.


9. checking loops (0)
---------------------
 There are 0 combinational loops in the design.


10. checking partial_input_delay (0)
------------------------------------
 There are 0 input ports with partial input delay specified.


11. checking partial_output_delay (0)
-------------------------------------
 There are 0 ports with partial output delay specified.


12. checking latch_loops (0)
----------------------------
 There are 0 combinational latch loops in the design through latch input



------------------------------------------------------------------------------------------------
| Design Timing Summary
| ---------------------
------------------------------------------------------------------------------------------------

    WNS(ns)      TNS(ns)  TNS Failing Endpoints  TNS Total Endpoints      WHS(ns)      THS(ns)  THS Failing Endpoints  THS Total Endpoints     WPWS(ns)     TPWS(ns)  TPWS Failing Endpoints  TPWS Total Endpoints  
    -------      -------  ---------------------  -------------------      -------      -------  ---------------------  -------------------     --------     --------  ----------------------  --------------------  
        inf        0.000                      0                    8          inf        0.000                      0                    8           NA           NA                      NA                    NA  


There are no user specified timing constraints.


------------------------------------------------------------------------------------------------
| Clock Summary
| -------------
------------------------------------------------------------------------------------------------


------------------------------------------------------------------------------------------------
| Intra Clock Table
| -----------------
------------------------------------------------------------------------------------------------

Clock             WNS(ns)      TNS(ns)  TNS Failing Endpoints  TNS Total Endpoints      WHS(ns)      THS(ns)  THS Failing Endpoints  THS Total Endpoints     WPWS(ns)     TPWS(ns)  TPWS Failing Endpoints  TPWS Total Endpoints  
-----             -------      -------  ---------------------  -------------------      -------      -------  ---------------------  -------------------     --------     --------  ----------------------  --------------------  


------------------------------------------------------------------------------------------------
| Inter Clock Table
| -----------------
------------------------------------------------------------------------------------------------

From Clock    To Clock          WNS(ns)      TNS(ns)  TNS Failing Endpoints  TNS Total Endpoints      WHS(ns)      THS(ns)  THS Failing Endpoints  THS Total Endpoints  
----------    --------          -------      -------  ---------------------  -------------------      -------      -------  ---------------------  -------------------  


------------------------------------------------------------------------------------------------
| Other Path Groups Table
| -----------------------
------------------------------------------------------------------------------------------------

Path Group    From Clock    To Clock          WNS(ns)      TNS(ns)  TNS Failing Endpoints  TNS Total Endpoints      WHS(ns)      THS(ns)  THS Failing Endpoints  THS Total Endpoints  
----------    ----------    --------          -------      -------  ---------------------  -------------------      -------      -------  ---------------------  -------------------  


------------------------------------------------------------------------------------------------
| User Ignored Path Table
| -----------------------
------------------------------------------------------------------------------------------------

Path Group    From Clock    To Clock    
----------    ----------    --------    


------------------------------------------------------------------------------------------------
| Unconstrained Path Table
| ------------------------
------------------------------------------------------------------------------------------------

Path Group    From Clock    To Clock    
----------    ----------    --------    
(none)                                    


------------------------------------------------------------------------------------------------
| Timing Details
| --------------
------------------------------------------------------------------------------------------------


--------------------------------------------------------------------------------------
Path Group:  (none)
From Clock:  
  To Clock:  

Max Delay             8 Endpoints
Min Delay             8 Endpoints
--------------------------------------------------------------------------------------


Max Delay Paths
--------------------------------------------------------------------------------------
Slack:                    inf
  Source:                 C
                            (input port)
  Destination:            out[7]
                            (output port)
  Path Group:             (none)
  Path Type:              Max at Slow Process Corner
  Data Path Delay:        11.692ns  (logic 4.797ns (41.029%)  route 6.895ns (58.971%))
  Logic Levels:           3  (IBUF=1 LUT3=1 OBUF=1)

    Location             Delay type                Incr(ns)  Path(ns)    Netlist Resource(s)
  -------------------------------------------------------------------    -------------------
    H22                                               0.000     0.000 f  C (IN)
                         net (fo=0)                   0.000     0.000    C
    H22                  IBUF (Prop_ibuf_I_O)         0.941     0.941 f  C_IBUF_inst/O
                         net (fo=8, routed)           3.562     4.503    C_IBUF
    SLICE_X113Y48        LUT3 (Prop_lut3_I1_O)        0.152     4.655 r  out_OBUF[7]_inst_i_1/O
                         net (fo=1, routed)           3.333     7.988    out_OBUF[7]
    U14                  OBUF (Prop_obuf_I_O)         3.704    11.692 r  out_OBUF[7]_inst/O
                         net (fo=0)                   0.000    11.692    out[7]
    U14                                                               r  out[7] (OUT)
  -------------------------------------------------------------------    -------------------

Slack:                    inf
  Source:                 C
                            (input port)
  Destination:            out[6]
                            (output port)
  Path Group:             (none)
  Path Type:              Max at Slow Process Corner
  Data Path Delay:        9.811ns  (logic 4.577ns (46.653%)  route 5.234ns (53.347%))
  Logic Levels:           3  (IBUF=1 LUT3=1 OBUF=1)

    Location             Delay type                Incr(ns)  Path(ns)    Netlist Resource(s)
  -------------------------------------------------------------------    -------------------
    H22                                               0.000     0.000 r  C (IN)
                         net (fo=0)                   0.000     0.000    C
    H22                  IBUF (Prop_ibuf_I_O)         0.941     0.941 r  C_IBUF_inst/O
                         net (fo=8, routed)           3.562     4.503    C_IBUF
    SLICE_X113Y48        LUT3 (Prop_lut3_I1_O)        0.124     4.627 r  out_OBUF[6]_inst_i_1/O
                         net (fo=1, routed)           1.672     6.299    out_OBUF[6]
    U19                  OBUF (Prop_obuf_I_O)         3.512     9.811 r  out_OBUF[6]_inst/O
                         net (fo=0)                   0.000     9.811    out[6]
    U19                                                               r  out[6] (OUT)
  -------------------------------------------------------------------    -------------------

Slack:                    inf
  Source:                 C
                            (input port)
  Destination:            out[5]
                            (output port)
  Path Group:             (none)
  Path Type:              Max at Slow Process Corner
  Data Path Delay:        9.740ns  (logic 4.828ns (49.568%)  route 4.912ns (50.432%))
  Logic Levels:           3  (IBUF=1 LUT3=1 OBUF=1)

    Location             Delay type                Incr(ns)  Path(ns)    Netlist Resource(s)
  -------------------------------------------------------------------    -------------------
    H22                                               0.000     0.000 f  C (IN)
                         net (fo=0)                   0.000     0.000    C
    H22                  IBUF (Prop_ibuf_I_O)         0.941     0.941 f  C_IBUF_inst/O
                         net (fo=8, routed)           3.196     4.137    C_IBUF
    SLICE_X113Y47        LUT3 (Prop_lut3_I0_O)        0.153     4.290 r  out_OBUF[5]_inst_i_1/O
                         net (fo=1, routed)           1.716     6.006    out_OBUF[5]
    W22                  OBUF (Prop_obuf_I_O)         3.734     9.740 r  out_OBUF[5]_inst/O
                         net (fo=0)                   0.000     9.740    out[5]
    W22                                                               r  out[5] (OUT)
  -------------------------------------------------------------------    -------------------

Slack:                    inf
  Source:                 A
                            (input port)
  Destination:            out[3]
                            (output port)
  Path Group:             (none)
  Path Type:              Max at Slow Process Corner
  Data Path Delay:        9.721ns  (logic 4.860ns (49.993%)  route 4.861ns (50.007%))
  Logic Levels:           3  (IBUF=1 LUT3=1 OBUF=1)

    Location             Delay type                Incr(ns)  Path(ns)    Netlist Resource(s)
  -------------------------------------------------------------------    -------------------
    F22                                               0.000     0.000 r  A (IN)
                         net (fo=0)                   0.000     0.000    A
    F22                  IBUF (Prop_ibuf_I_O)         0.972     0.972 r  A_IBUF_inst/O
                         net (fo=8, routed)           3.198     4.170    A_IBUF
    SLICE_X113Y47        LUT3 (Prop_lut3_I1_O)        0.150     4.320 r  out_OBUF[3]_inst_i_1/O
                         net (fo=1, routed)           1.663     5.983    out_OBUF[3]
    U21                  OBUF (Prop_obuf_I_O)         3.738     9.721 r  out_OBUF[3]_inst/O
                         net (fo=0)                   0.000     9.721    out[3]
    U21                                                               r  out[3] (OUT)
  -------------------------------------------------------------------    -------------------

Slack:                    inf
  Source:                 C
                            (input port)
  Destination:            out[4]
                            (output port)
  Path Group:             (none)
  Path Type:              Max at Slow Process Corner
  Data Path Delay:        9.653ns  (logic 4.602ns (47.672%)  route 5.051ns (52.328%))
  Logic Levels:           3  (IBUF=1 LUT3=1 OBUF=1)

    Location             Delay type                Incr(ns)  Path(ns)    Netlist Resource(s)
  -------------------------------------------------------------------    -------------------
    H22                                               0.000     0.000 r  C (IN)
                         net (fo=0)                   0.000     0.000    C
    H22                  IBUF (Prop_ibuf_I_O)         0.941     0.941 r  C_IBUF_inst/O
                         net (fo=8, routed)           3.196     4.137    C_IBUF
    SLICE_X113Y47        LUT3 (Prop_lut3_I1_O)        0.124     4.261 r  out_OBUF[4]_inst_i_1/O
                         net (fo=1, routed)           1.855     6.116    out_OBUF[4]
    V22                  OBUF (Prop_obuf_I_O)         3.537     9.653 r  out_OBUF[4]_inst/O
                         net (fo=0)                   0.000     9.653    out[4]
    V22                                                               r  out[4] (OUT)
  -------------------------------------------------------------------    -------------------

Slack:                    inf
  Source:                 C
                            (input port)
  Destination:            out[0]
                            (output port)
  Path Group:             (none)
  Path Type:              Max at Slow Process Corner
  Data Path Delay:        9.602ns  (logic 4.815ns (50.148%)  route 4.787ns (49.852%))
  Logic Levels:           3  (IBUF=1 LUT3=1 OBUF=1)

    Location             Delay type                Incr(ns)  Path(ns)    Netlist Resource(s)
  -------------------------------------------------------------------    -------------------
    H22                                               0.000     0.000 r  C (IN)
                         net (fo=0)                   0.000     0.000    C
    H22                  IBUF (Prop_ibuf_I_O)         0.941     0.941 r  C_IBUF_inst/O
                         net (fo=8, routed)           3.109     4.050    C_IBUF
    SLICE_X113Y47        LUT3 (Prop_lut3_I2_O)        0.150     4.200 r  out_OBUF[0]_inst_i_1/O
                         net (fo=1, routed)           1.678     5.878    out_OBUF[0]
    T22                  OBUF (Prop_obuf_I_O)         3.724     9.602 r  out_OBUF[0]_inst/O
                         net (fo=0)                   0.000     9.602    out[0]
    T22                                                               r  out[0] (OUT)
  -------------------------------------------------------------------    -------------------

Slack:                    inf
  Source:                 A
                            (input port)
  Destination:            out[2]
                            (output port)
  Path Group:             (none)
  Path Type:              Max at Slow Process Corner
  Data Path Delay:        9.495ns  (logic 4.627ns (48.730%)  route 4.868ns (51.270%))
  Logic Levels:           3  (IBUF=1 LUT3=1 OBUF=1)

    Location             Delay type                Incr(ns)  Path(ns)    Netlist Resource(s)
  -------------------------------------------------------------------    -------------------
    F22                                               0.000     0.000 r  A (IN)
                         net (fo=0)                   0.000     0.000    A
    F22                  IBUF (Prop_ibuf_I_O)         0.972     0.972 r  A_IBUF_inst/O
                         net (fo=8, routed)           3.198     4.170    A_IBUF
    SLICE_X113Y47        LUT3 (Prop_lut3_I0_O)        0.124     4.294 r  out_OBUF[2]_inst_i_1/O
                         net (fo=1, routed)           1.670     5.964    out_OBUF[2]
    U22                  OBUF (Prop_obuf_I_O)         3.531     9.495 r  out_OBUF[2]_inst/O
                         net (fo=0)                   0.000     9.495    out[2]
    U22                                                               r  out[2] (OUT)
  -------------------------------------------------------------------    -------------------

Slack:                    inf
  Source:                 C
                            (input port)
  Destination:            out[1]
                            (output port)
  Path Group:             (none)
  Path Type:              Max at Slow Process Corner
  Data Path Delay:        9.360ns  (logic 4.579ns (48.918%)  route 4.781ns (51.082%))
  Logic Levels:           3  (IBUF=1 LUT3=1 OBUF=1)

    Location             Delay type                Incr(ns)  Path(ns)    Netlist Resource(s)
  -------------------------------------------------------------------    -------------------
    H22                                               0.000     0.000 f  C (IN)
                         net (fo=0)                   0.000     0.000    C
    H22                  IBUF (Prop_ibuf_I_O)         0.941     0.941 f  C_IBUF_inst/O
                         net (fo=8, routed)           3.109     4.050    C_IBUF
    SLICE_X113Y47        LUT3 (Prop_lut3_I2_O)        0.124     4.174 r  out_OBUF[1]_inst_i_1/O
                         net (fo=1, routed)           1.672     5.846    out_OBUF[1]
    T21                  OBUF (Prop_obuf_I_O)         3.514     9.360 r  out_OBUF[1]_inst/O
                         net (fo=0)                   0.000     9.360    out[1]
    T21                                                               r  out[1] (OUT)
  -------------------------------------------------------------------    -------------------





Min Delay Paths
--------------------------------------------------------------------------------------
Slack:                    inf
  Source:                 B
                            (input port)
  Destination:            out[2]
                            (output port)
  Path Group:             (none)
  Path Type:              Min at Fast Process Corner
  Data Path Delay:        2.968ns  (logic 1.460ns (49.196%)  route 1.508ns (50.804%))
  Logic Levels:           3  (IBUF=1 LUT3=1 OBUF=1)

    Location             Delay type                Incr(ns)  Path(ns)    Netlist Resource(s)
  -------------------------------------------------------------------    -------------------
    G22                                               0.000     0.000 f  B (IN)
                         net (fo=0)                   0.000     0.000    B
    G22                  IBUF (Prop_ibuf_I_O)         0.183     0.183 f  B_IBUF_inst/O
                         net (fo=8, routed)           1.167     1.351    B_IBUF
    SLICE_X113Y47        LUT3 (Prop_lut3_I2_O)        0.045     1.396 r  out_OBUF[2]_inst_i_1/O
                         net (fo=1, routed)           0.341     1.736    out_OBUF[2]
    U22                  OBUF (Prop_obuf_I_O)         1.232     2.968 r  out_OBUF[2]_inst/O
                         net (fo=0)                   0.000     2.968    out[2]
    U22                                                               r  out[2] (OUT)
  -------------------------------------------------------------------    -------------------

Slack:                    inf
  Source:                 B
                            (input port)
  Destination:            out[1]
                            (output port)
  Path Group:             (none)
  Path Type:              Min at Fast Process Corner
  Data Path Delay:        2.990ns  (logic 1.443ns (48.271%)  route 1.546ns (51.729%))
  Logic Levels:           3  (IBUF=1 LUT3=1 OBUF=1)

    Location             Delay type                Incr(ns)  Path(ns)    Netlist Resource(s)
  -------------------------------------------------------------------    -------------------
    G22                                               0.000     0.000 r  B (IN)
                         net (fo=0)                   0.000     0.000    B
    G22                  IBUF (Prop_ibuf_I_O)         0.183     0.183 r  B_IBUF_inst/O
                         net (fo=8, routed)           1.219     1.403    B_IBUF
    SLICE_X113Y47        LUT3 (Prop_lut3_I0_O)        0.045     1.448 r  out_OBUF[1]_inst_i_1/O
                         net (fo=1, routed)           0.327     1.775    out_OBUF[1]
    T21                  OBUF (Prop_obuf_I_O)         1.215     2.990 r  out_OBUF[1]_inst/O
                         net (fo=0)                   0.000     2.990    out[1]
    T21                                                               r  out[1] (OUT)
  -------------------------------------------------------------------    -------------------

Slack:                    inf
  Source:                 B
                            (input port)
  Destination:            out[3]
                            (output port)
  Path Group:             (none)
  Path Type:              Min at Fast Process Corner
  Data Path Delay:        3.027ns  (logic 1.530ns (50.546%)  route 1.497ns (49.454%))
  Logic Levels:           3  (IBUF=1 LUT3=1 OBUF=1)

    Location             Delay type                Incr(ns)  Path(ns)    Netlist Resource(s)
  -------------------------------------------------------------------    -------------------
    G22                                               0.000     0.000 f  B (IN)
                         net (fo=0)                   0.000     0.000    B
    G22                  IBUF (Prop_ibuf_I_O)         0.183     0.183 f  B_IBUF_inst/O
                         net (fo=8, routed)           1.167     1.351    B_IBUF
    SLICE_X113Y47        LUT3 (Prop_lut3_I2_O)        0.049     1.400 r  out_OBUF[3]_inst_i_1/O
                         net (fo=1, routed)           0.330     1.729    out_OBUF[3]
    U21                  OBUF (Prop_obuf_I_O)         1.298     3.027 r  out_OBUF[3]_inst/O
                         net (fo=0)                   0.000     3.027    out[3]
    U21                                                               r  out[3] (OUT)
  -------------------------------------------------------------------    -------------------

Slack:                    inf
  Source:                 B
                            (input port)
  Destination:            out[0]
                            (output port)
  Path Group:             (none)
  Path Type:              Min at Fast Process Corner
  Data Path Delay:        3.062ns  (logic 1.515ns (49.470%)  route 1.547ns (50.530%))
  Logic Levels:           3  (IBUF=1 LUT3=1 OBUF=1)

    Location             Delay type                Incr(ns)  Path(ns)    Netlist Resource(s)
  -------------------------------------------------------------------    -------------------
    G22                                               0.000     0.000 r  B (IN)
                         net (fo=0)                   0.000     0.000    B
    G22                  IBUF (Prop_ibuf_I_O)         0.183     0.183 r  B_IBUF_inst/O
                         net (fo=8, routed)           1.219     1.403    B_IBUF
    SLICE_X113Y47        LUT3 (Prop_lut3_I0_O)        0.046     1.449 r  out_OBUF[0]_inst_i_1/O
                         net (fo=1, routed)           0.328     1.776    out_OBUF[0]
    T22                  OBUF (Prop_obuf_I_O)         1.285     3.062 r  out_OBUF[0]_inst/O
                         net (fo=0)                   0.000     3.062    out[0]
    T22                                                               r  out[0] (OUT)
  -------------------------------------------------------------------    -------------------

Slack:                    inf
  Source:                 B
                            (input port)
  Destination:            out[6]
                            (output port)
  Path Group:             (none)
  Path Type:              Min at Fast Process Corner
  Data Path Delay:        3.062ns  (logic 1.442ns (47.081%)  route 1.620ns (52.919%))
  Logic Levels:           3  (IBUF=1 LUT3=1 OBUF=1)

    Location             Delay type                Incr(ns)  Path(ns)    Netlist Resource(s)
  -------------------------------------------------------------------    -------------------
    G22                                               0.000     0.000 f  B (IN)
                         net (fo=0)                   0.000     0.000    B
    G22                  IBUF (Prop_ibuf_I_O)         0.183     0.183 f  B_IBUF_inst/O
                         net (fo=8, routed)           1.293     1.477    B_IBUF
    SLICE_X113Y48        LUT3 (Prop_lut3_I2_O)        0.045     1.522 r  out_OBUF[6]_inst_i_1/O
                         net (fo=1, routed)           0.327     1.849    out_OBUF[6]
    U19                  OBUF (Prop_obuf_I_O)         1.213     3.062 r  out_OBUF[6]_inst/O
                         net (fo=0)                   0.000     3.062    out[6]
    U19                                                               r  out[6] (OUT)
  -------------------------------------------------------------------    -------------------

Slack:                    inf
  Source:                 A
                            (input port)
  Destination:            out[4]
                            (output port)
  Path Group:             (none)
  Path Type:              Min at Fast Process Corner
  Data Path Delay:        3.091ns  (logic 1.483ns (47.989%)  route 1.608ns (52.011%))
  Logic Levels:           3  (IBUF=1 LUT3=1 OBUF=1)

    Location             Delay type                Incr(ns)  Path(ns)    Netlist Resource(s)
  -------------------------------------------------------------------    -------------------
    F22                                               0.000     0.000 f  A (IN)
                         net (fo=0)                   0.000     0.000    A
    F22                  IBUF (Prop_ibuf_I_O)         0.201     0.201 f  A_IBUF_inst/O
                         net (fo=8, routed)           1.197     1.398    A_IBUF
    SLICE_X113Y47        LUT3 (Prop_lut3_I2_O)        0.045     1.443 r  out_OBUF[4]_inst_i_1/O
                         net (fo=1, routed)           0.410     1.853    out_OBUF[4]
    V22                  OBUF (Prop_obuf_I_O)         1.238     3.091 r  out_OBUF[4]_inst/O
                         net (fo=0)                   0.000     3.091    out[4]
    V22                                                               r  out[4] (OUT)
  -------------------------------------------------------------------    -------------------

Slack:                    inf
  Source:                 A
                            (input port)
  Destination:            out[5]
                            (output port)
  Path Group:             (none)
  Path Type:              Min at Fast Process Corner
  Data Path Delay:        3.104ns  (logic 1.549ns (49.889%)  route 1.555ns (50.111%))
  Logic Levels:           3  (IBUF=1 LUT3=1 OBUF=1)

    Location             Delay type                Incr(ns)  Path(ns)    Netlist Resource(s)
  -------------------------------------------------------------------    -------------------
    F22                                               0.000     0.000 f  A (IN)
                         net (fo=0)                   0.000     0.000    A
    F22                  IBUF (Prop_ibuf_I_O)         0.201     0.201 f  A_IBUF_inst/O
                         net (fo=8, routed)           1.197     1.398    A_IBUF
    SLICE_X113Y47        LUT3 (Prop_lut3_I2_O)        0.051     1.449 r  out_OBUF[5]_inst_i_1/O
                         net (fo=1, routed)           0.358     1.807    out_OBUF[5]
    W22                  OBUF (Prop_obuf_I_O)         1.297     3.104 r  out_OBUF[5]_inst/O
                         net (fo=0)                   0.000     3.104    out[5]
    W22                                                               r  out[5] (OUT)
  -------------------------------------------------------------------    -------------------

Slack:                    inf
  Source:                 B
                            (input port)
  Destination:            out[7]
                            (output port)
  Path Group:             (none)
  Path Type:              Min at Fast Process Corner
  Data Path Delay:        3.843ns  (logic 1.490ns (38.780%)  route 2.353ns (61.220%))
  Logic Levels:           3  (IBUF=1 LUT3=1 OBUF=1)

    Location             Delay type                Incr(ns)  Path(ns)    Netlist Resource(s)
  -------------------------------------------------------------------    -------------------
    G22                                               0.000     0.000 f  B (IN)
                         net (fo=0)                   0.000     0.000    B
    G22                  IBUF (Prop_ibuf_I_O)         0.183     0.183 f  B_IBUF_inst/O
                         net (fo=8, routed)           1.293     1.477    B_IBUF
    SLICE_X113Y48        LUT3 (Prop_lut3_I2_O)        0.042     1.519 r  out_OBUF[7]_inst_i_1/O
                         net (fo=1, routed)           1.060     2.578    out_OBUF[7]
    U14                  OBUF (Prop_obuf_I_O)         1.265     3.843 r  out_OBUF[7]_inst/O
                         net (fo=0)                   0.000     3.843    out[7]
    U14                                                               r  out[7] (OUT)
  -------------------------------------------------------------------    -------------------





