#-----------------------------------------------------------
# Vivado v2025.2 (64-bit)
# SW Build 6299465 on Fri Nov 14 19:35:11 GMT 2025
# IP Build 6300035 on Fri Nov 14 10:48:45 MST 2025
# SharedData Build 6298862 on Thu Nov 13 04:50:51 MST 2025
# Start of session at: Thu Sep  3 03:03:17 2026
# Process ID         : 5288
# Current directory  : D:/FPGA/FPGA_EXERCISE/decoder3_8/vivado/decoder3_8/decoder3_8.runs/impl_1
# Command line       : vivado.exe -log decoder3_8.vdi -applog -product Vivado -messageDb vivado.pb -mode batch -source decoder3_8.tcl -notrace
# Log file           : D:/FPGA/FPGA_EXERCISE/decoder3_8/vivado/decoder3_8/decoder3_8.runs/impl_1/decoder3_8.vdi
# Journal file       : D:/FPGA/FPGA_EXERCISE/decoder3_8/vivado/decoder3_8/decoder3_8.runs/impl_1\vivado.jou
# Running On         : mini
# Platform           : Windows Server 2016 or Windows 10
# Operating System   : 26100
# Processor Detail   : AMD Ryzen 9 5950X 16-Core Processor            
# CPU Frequency      : 4000 MHz
# CPU Physical cores : 16
# CPU Logical cores  : 32
# Host memory        : 68600 MB
# Swap memory        : 5644 MB
# Total Virtual      : 74244 MB
# Available Virtual  : 13932 MB
#-----------------------------------------------------------
source decoder3_8.tcl -notrace
